[INFO] Scanning for projects...
[INFO] 
[INFO] ----------< com.sitemaderiegoagoteo:sistema-riego-goteo-api >-----------
[INFO] Building sistema-riego-goteo-api 0.0.1-SNAPSHOT
[INFO]   from pom.xml
[INFO] --------------------------------[ jar ]---------------------------------
[INFO] 
[INFO] --- resources:3.3.1:resources (default-resources) @ sistema-riego-goteo-api ---
[INFO] Copying 1 resource from src\main\resources to target\classes
[INFO] Copying 1 resource from src\main\resources to target\classes
[INFO] 
[INFO] --- compiler:3.13.0:compile (default-compile) @ sistema-riego-goteo-api ---
[INFO] Nothing to compile - all classes are up to date.
[INFO] 
[INFO] --- resources:3.3.1:resources (default-resources) @ sistema-riego-goteo-api ---
[INFO] Copying 1 resource from src\main\resources to target\classes
[INFO] Copying 1 resource from src\main\resources to target\classes
[INFO] 
[INFO] --- compiler:3.13.0:compile (default-compile) @ sistema-riego-goteo-api ---
[INFO] Nothing to compile - all classes are up to date.
[INFO] 
[INFO] --- resources:3.3.1:testResources (default-testResources) @ sistema-riego-goteo-api ---
[INFO] Copying 1 resource from src\test\resources to target\test-classes
[INFO] 
[INFO] --- compiler:3.13.0:testCompile (default-testCompile) @ sistema-riego-goteo-api ---
[INFO] Recompiling the module because of changed source code.
[INFO] Compiling 13 source files with javac [debug parameters release 17] to target\test-classes
[INFO] Some messages have been simplified; recompile with -Xdiags:verbose to get full output
[INFO] -------------------------------------------------------------
[ERROR] COMPILATION ERROR : 
[INFO] -------------------------------------------------------------
[ERROR] /C:/Users/elian/OneDrive/Documentos/0-Tecnicatura Desarrollo de software/3-Tercer Año Desarrollo De Software/Practica Profesionalizante 3/software/sistema-riego-goteo-api/src/test/java/com/sistemariegoagoteo/sistema_riego_goteo_api/service/auth/UserServiceTest.java:[60,21] no suitable constructor found for Role(int,java.lang.String)
    constructor com.sistemariegoagoteo.sistema_riego_goteo_api.model.user.Role.Role(java.lang.String) is not applicable
      (actual and formal argument lists differ in length)
    constructor com.sistemariegoagoteo.sistema_riego_goteo_api.model.user.Role.Role() is not applicable
      (actual and formal argument lists differ in length)
    constructor com.sistemariegoagoteo.sistema_riego_goteo_api.model.user.Role.Role(java.lang.Integer,java.lang.String,java.util.Set<com.sistemariegoagoteo.sistema_riego_goteo_api.model.user.Permission>) is not applicable
      (actual and formal argument lists differ in length)
[ERROR] /C:/Users/elian/OneDrive/Documentos/0-Tecnicatura Desarrollo de software/3-Tercer Año Desarrollo De Software/Practica Profesionalizante 3/software/sistema-riego-goteo-api/src/test/java/com/sistemariegoagoteo/sistema_riego_goteo_api/service/auth/UserServiceTest.java:[61,24] no suitable constructor found for Role(int,java.lang.String)
    constructor com.sistemariegoagoteo.sistema_riego_goteo_api.model.user.Role.Role(java.lang.String) is not applicable
      (actual and formal argument lists differ in length)
    constructor com.sistemariegoagoteo.sistema_riego_goteo_api.model.user.Role.Role() is not applicable
      (actual and formal argument lists differ in length)
    constructor com.sistemariegoagoteo.sistema_riego_goteo_api.model.user.Role.Role(java.lang.Integer,java.lang.String,java.util.Set<com.sistemariegoagoteo.sistema_riego_goteo_api.model.user.Permission>) is not applicable
      (actual and formal argument lists differ in length)
[ERROR] /C:/Users/elian/OneDrive/Documentos/0-Tecnicatura Desarrollo de software/3-Tercer Año Desarrollo De Software/Practica Profesionalizante 3/software/sistema-riego-goteo-api/src/test/java/com/sistemariegoagoteo/sistema_riego_goteo_api/service/auth/UserServiceTest.java:[191,44] incompatible types: cannot infer type arguments for java.util.ArrayList<>
    reason: no instance(s) of type variable(s) E exist so that java.util.ArrayList<E> conforms to java.util.Set<com.sistemariegoagoteo.sistema_riego_goteo_api.model.riego.Farm>
[INFO] 3 errors 
[INFO] -------------------------------------------------------------
[INFO] ------------------------------------------------------------------------
[INFO] BUILD FAILURE
[INFO] ------------------------------------------------------------------------
[INFO] Total time:  7.345 s
[INFO] Finished at: 2026-02-27T18:44:07-03:00
[INFO] ------------------------------------------------------------------------
[ERROR] Failed to execute goal org.apache.maven.plugins:maven-compiler-plugin:3.13.0:testCompile (default-testCompile) on project sistema-riego-goteo-api: Compilation failure: Compilation failure: 
[ERROR] /C:/Users/elian/OneDrive/Documentos/0-Tecnicatura Desarrollo de software/3-Tercer Año Desarrollo De Software/Practica Profesionalizante 3/software/sistema-riego-goteo-api/src/test/java/com/sistemariegoagoteo/sistema_riego_goteo_api/service/auth/UserServiceTest.java:[60,21] no suitable constructor found for Role(int,java.lang.String)
[ERROR]     constructor com.sistemariegoagoteo.sistema_riego_goteo_api.model.user.Role.Role(java.lang.String) is not applicable
[ERROR]       (actual and formal argument lists differ in length)
[ERROR]     constructor com.sistemariegoagoteo.sistema_riego_goteo_api.model.user.Role.Role() is not applicable
[ERROR]       (actual and formal argument lists differ in length)
[ERROR]     constructor com.sistemariegoagoteo.sistema_riego_goteo_api.model.user.Role.Role(java.lang.Integer,java.lang.String,java.util.Set<com.sistemariegoagoteo.sistema_riego_goteo_api.model.user.Permission>) is not applicable
[ERROR]       (actual and formal argument lists differ in length)
[ERROR] /C:/Users/elian/OneDrive/Documentos/0-Tecnicatura Desarrollo de software/3-Tercer Año Desarrollo De Software/Practica Profesionalizante 3/software/sistema-riego-goteo-api/src/test/java/com/sistemariegoagoteo/sistema_riego_goteo_api/service/auth/UserServiceTest.java:[61,24] no suitable constructor found for Role(int,java.lang.String)
[ERROR]     constructor com.sistemariegoagoteo.sistema_riego_goteo_api.model.user.Role.Role(java.lang.String) is not applicable
[ERROR]       (actual and formal argument lists differ in length)
[ERROR]     constructor com.sistemariegoagoteo.sistema_riego_goteo_api.model.user.Role.Role() is not applicable
[ERROR]       (actual and formal argument lists differ in length)
[ERROR]     constructor com.sistemariegoagoteo.sistema_riego_goteo_api.model.user.Role.Role(java.lang.Integer,java.lang.String,java.util.Set<com.sistemariegoagoteo.sistema_riego_goteo_api.model.user.Permission>) is not applicable
[ERROR]       (actual and formal argument lists differ in length)
[ERROR] /C:/Users/elian/OneDrive/Documentos/0-Tecnicatura Desarrollo de software/3-Tercer Año Desarrollo De Software/Practica Profesionalizante 3/software/sistema-riego-goteo-api/src/test/java/com/sistemariegoagoteo/sistema_riego_goteo_api/service/auth/UserServiceTest.java:[191,44] incompatible types: cannot infer type arguments for java.util.ArrayList<>
[ERROR]     reason: no instance(s) of type variable(s) E exist so that java.util.ArrayList<E> conforms to java.util.Set<com.sistemariegoagoteo.sistema_riego_goteo_api.model.riego.Farm>
[ERROR] -> [Help 1]
[ERROR] 
[ERROR] To see the full stack trace of the errors, re-run Maven with the -e switch.
[ERROR] Re-run Maven using the -X switch to enable full debug logging.
[ERROR] 
[ERROR] For more information about the errors and possible solutions, please read the following articles:
[ERROR] [Help 1] http://cwiki.apache.org/confluence/display/MAVEN/MojoFailureException
