[INFO] Scanning for projects...
[INFO] 
[INFO] ----------< com.sitemaderiegoagoteo:sistema-riego-goteo-api >-----------
[INFO] Building sistema-riego-goteo-api 0.0.1-SNAPSHOT
[INFO]   from pom.xml
[INFO] --------------------------------[ jar ]---------------------------------
[INFO] 
[INFO] --- resources:3.3.1:resources (default-resources) @ sistema-riego-goteo-api ---
[INFO] Copying 1 resource from src\main\resources to target\classes
[INFO] Copying 1 resource from src\main\resources to target\classes
[INFO] 
[INFO] --- compiler:3.13.0:compile (default-compile) @ sistema-riego-goteo-api ---
[INFO] Recompiling the module because of changed source code.
[INFO] Compiling 179 source files with javac [debug parameters release 17] to target\classes
[INFO] -------------------------------------------------------------
[ERROR] COMPILATION ERROR : 
[INFO] -------------------------------------------------------------
[ERROR] /C:/Users/elian/OneDrive/Documentos/1-Proyectos/Reales/sistema-riego-goteo-api/src/main/java/com/sistemariegoagoteo/sistema_riego_goteo_api/controller/riego/PrecipitationController.java:[60,6] illegal start of type
[ERROR] /C:/Users/elian/OneDrive/Documentos/1-Proyectos/Reales/sistema-riego-goteo-api/src/main/java/com/sistemariegoagoteo/sistema_riego_goteo_api/controller/riego/PrecipitationController.java:[60,35] ';' expected
[ERROR] /C:/Users/elian/OneDrive/Documentos/1-Proyectos/Reales/sistema-riego-goteo-api/src/main/java/com/sistemariegoagoteo/sistema_riego_goteo_api/controller/riego/PrecipitationController.java:[61,17] ';' expected
[ERROR] /C:/Users/elian/OneDrive/Documentos/1-Proyectos/Reales/sistema-riego-goteo-api/src/main/java/com/sistemariegoagoteo/sistema_riego_goteo_api/controller/riego/PrecipitationController.java:[62,15] ';' expected
[ERROR] /C:/Users/elian/OneDrive/Documentos/1-Proyectos/Reales/sistema-riego-goteo-api/src/main/java/com/sistemariegoagoteo/sistema_riego_goteo_api/controller/riego/PrecipitationController.java:[62,18] <identifier> expected
[ERROR] /C:/Users/elian/OneDrive/Documentos/1-Proyectos/Reales/sistema-riego-goteo-api/src/main/java/com/sistemariegoagoteo/sistema_riego_goteo_api/controller/riego/PrecipitationController.java:[63,15] ';' expected
[ERROR] /C:/Users/elian/OneDrive/Documentos/1-Proyectos/Reales/sistema-riego-goteo-api/src/main/java/com/sistemariegoagoteo/sistema_riego_goteo_api/service/riego/PrecipitationService.java:[148,1] class, interface, enum, or record expected
[INFO] 7 errors 
[INFO] -------------------------------------------------------------
[INFO] ------------------------------------------------------------------------
[INFO] BUILD FAILURE
[INFO] ------------------------------------------------------------------------
[INFO] Total time:  2.994 s
[INFO] Finished at: 2026-02-22T20:22:31-03:00
[INFO] ------------------------------------------------------------------------
[ERROR] Failed to execute goal org.apache.maven.plugins:maven-compiler-plugin:3.13.0:compile (default-compile) on project sistema-riego-goteo-api: Compilation failure: Compilation failure: 
[ERROR] /C:/Users/elian/OneDrive/Documentos/1-Proyectos/Reales/sistema-riego-goteo-api/src/main/java/com/sistemariegoagoteo/sistema_riego_goteo_api/controller/riego/PrecipitationController.java:[60,6] illegal start of type
[ERROR] /C:/Users/elian/OneDrive/Documentos/1-Proyectos/Reales/sistema-riego-goteo-api/src/main/java/com/sistemariegoagoteo/sistema_riego_goteo_api/controller/riego/PrecipitationController.java:[60,35] ';' expected
[ERROR] /C:/Users/elian/OneDrive/Documentos/1-Proyectos/Reales/sistema-riego-goteo-api/src/main/java/com/sistemariegoagoteo/sistema_riego_goteo_api/controller/riego/PrecipitationController.java:[61,17] ';' expected
[ERROR] /C:/Users/elian/OneDrive/Documentos/1-Proyectos/Reales/sistema-riego-goteo-api/src/main/java/com/sistemariegoagoteo/sistema_riego_goteo_api/controller/riego/PrecipitationController.java:[62,15] ';' expected
[ERROR] /C:/Users/elian/OneDrive/Documentos/1-Proyectos/Reales/sistema-riego-goteo-api/src/main/java/com/sistemariegoagoteo/sistema_riego_goteo_api/controller/riego/PrecipitationController.java:[62,18] <identifier> expected
[ERROR] /C:/Users/elian/OneDrive/Documentos/1-Proyectos/Reales/sistema-riego-goteo-api/src/main/java/com/sistemariegoagoteo/sistema_riego_goteo_api/controller/riego/PrecipitationController.java:[63,15] ';' expected
[ERROR] /C:/Users/elian/OneDrive/Documentos/1-Proyectos/Reales/sistema-riego-goteo-api/src/main/java/com/sistemariegoagoteo/sistema_riego_goteo_api/service/riego/PrecipitationService.java:[148,1] class, interface, enum, or record expected
[ERROR] -> [Help 1]
[ERROR] 
[ERROR] To see the full stack trace of the errors, re-run Maven with the -e switch.
[ERROR] Re-run Maven using the -X switch to enable full debug logging.
[ERROR] 
[ERROR] For more information about the errors and possible solutions, please read the following articles:
[ERROR] [Help 1] http://cwiki.apache.org/confluence/display/MAVEN/MojoFailureException
